// WARNING: DO NOT EDIT THIS FILE.
// You may push code into the target .java compilation unit if you wish to edit any member(s).

package com.someorg.examples.screens;

import java.util.List;
import org.apache.commons.lang.builder.EqualsBuilder;
import org.apache.commons.lang.builder.HashCodeBuilder;
import org.openlegacy.terminal.Color;
import com.someorg.examples.screens.TestClass.TableScreenRecord;

privileged @SuppressWarnings("unused") aspect TableScreenRecord_Aspect {

	
    
    private String TableScreenRecord.focusField;
	
    public String TableScreenRecord.getColumn1(){
    	return this.column1;
    }
    

    public String TableScreenRecord.getColumn2(){
    	return this.column2;
    }
    


    /**
    	Focus on the given field, or on the first field in the table if none is given
    */
    public void TableScreenRecord.focus(String... field) {
        if (field.length > 0) {
            this.focusField = field[0];
        } else {
            this.focusField = "column1";
        }
    }

    public String TableScreenRecord.getFocus() {
        return focusField;
    }
    public void TableScreenRecord.setFocus(String focus) {
        this.focusField = focus;
    }
		
    public int TableScreenRecord.hashCode(){
		return HashCodeBuilder.reflectionHashCode(this);
    }

    public boolean TableScreenRecord.equals(Object other){
    	// TODO exclude terminal fields
		return EqualsBuilder.reflectionEquals(this,other);
    }
}