// WARNING: DO NOT EDIT THIS FILE.
// You may push code into the target .java compilation unit if you wish to edit any member(s).

package com.someorg.examples.screens;

import java.util.List;
import org.apache.commons.lang.builder.EqualsBuilder;
import org.apache.commons.lang.builder.HashCodeBuilder;
import org.openlegacy.terminal.Color;
import com.someorg.examples.screens.TestClass.TableScreenRecord;

privileged @SuppressWarnings("unused") aspect TableScreenRecord_Aspect {

	
    
	
    

    public String TableScreenRecord.getColumn1(){
    	return this.column1;
    }
    

    public String TableScreenRecord.getColumn2(){
    	return this.column2;
    }
    


		
    public int TableScreenRecord.hashCode(){
		return HashCodeBuilder.reflectionHashCode(this);
    }

    public boolean TableScreenRecord.equals(Object other){
    	// TODO exclude terminal fields
		return EqualsBuilder.reflectionEquals(this,other);
    }
}