{"actions":null,"entity":{"actions":[{"action":{"additionalKey":"SHIFT","macro":false,"terminalAction":"org.openlegacy.terminal.actions.TerminalActions$F6"},"actionName":"CombinedTerminalAction","additionalKey":"SHIFT","alias":"numberSeq","column":0,"defaultAction":false,"displayName":"Number Seq","focusField":null,"global":true,"isSubmitForm":null,"keyboardKey":null,"keyboardKeyName":null,"length":0,"position":null,"roles":null,"rolesRequired":false,"row":0,"sleep":0,"submitForm":false,"targetEntity":null,"targetEntityDefinition":null,"targetEntityName":null,"type":"GENERAL","when":".*"},{"action":{"actionName":"SHOW","macro":false},"actionName":"SHOW","additionalKey":"NONE","alias":"Show","column":0,"defaultAction":false,"displayName":"Show","focusField":null,"global":true,"isSubmitForm":null,"keyboardKey":null,"keyboardKeyName":null,"length":0,"position":null,"roles":["AGENT"],"rolesRequired":true,"row":0,"sleep":0,"submitForm":false,"targetEntity":null,"targetEntityDefinition":null,"targetEntityName":null,"type":"GENERAL","when":".*"}],"errorMessage":null,"focusField":null,"itemsListRows":[{"action":"","alphaSearch":"APPLE","focus":null,"itemCategory":"FRT","itemDescription":"Red apple - FRT","itemNumber":1007},{"action":"","alphaSearch":"BANANA","focus":null,"itemCategory":"FRT","itemDescription":"Banana - FRT","itemNumber":1008},{"action":"","alphaSearch":"CARROT","focus":null,"itemCategory":"VEG","itemDescription":"Carrot - VEG","itemNumber":1005},{"action":"","alphaSearch":"CHICKEN","focus":null,"itemCategory":"MEAT","itemDescription":"Chicken breast - MEAT","itemNumber":1006},{"action":"","alphaSearch":"CUCUMBER","focus":null,"itemCategory":"VEG","itemDescription":"Cucumber - VEG","itemNumber":1004},{"action":"","alphaSearch":"EANS","focus":null,"itemCategory":"VEG","itemDescription":"Red beans - VEG","itemNumber":1018},{"action":"","alphaSearch":"FIG","focus":null,"itemCategory":"FRT","itemDescription":"Fresh fig - FRT","itemNumber":1020},{"action":"","alphaSearch":"GRAPE","focus":null,"itemCategory":"FRT","itemDescription":"White grapes - FRT","itemNumber":1011},{"action":"","alphaSearch":"HAMBURGER","focus":null,"itemCategory":"MEAT","itemDescription":"Hamburger - MEAT","itemNumber":1000},{"action":"","alphaSearch":"MELON","focus":null,"itemCategory":"FRT","itemDescription":"Yellow melon - FRT","itemNumber":1016},{"action":"","alphaSearch":"MUSHROOM","focus":null,"itemCategory":"VEG","itemDescription":"Champignon mushrooms - VEG","itemNumber":1013},{"action":"","alphaSearch":"OLIVE","focus":null,"itemCategory":"VEG","itemDescription":"Black olive - VEG","itemNumber":1015}],"itemsListRowsActions":[{"action":{"action":{"actionName":"ENTER","macro":false},"actionValue":"2","macro":false},"actionName":"ENTER","additionalKey":"NONE","alias":"revise","column":0,"defaultAction":false,"displayName":"Revise","focusField":null,"global":false,"isSubmitForm":null,"keyboardKey":null,"keyboardKeyName":null,"length":8,"position":{"column":4,"row":5},"roles":null,"rolesRequired":false,"row":0,"sleep":0,"submitForm":false,"targetEntity":null,"targetEntityDefinition":null,"targetEntityName":null,"type":null,"when":"2.*"}],"positionTo":""},"entityName":"ItemsList","pageCount":null,"paths":[{"current":false,"displayName":"Main Menu","entityClass":"apps.inventory.screens.MainMenu","entityName":"MainMenu","requiresParameters":false},{"current":false,"displayName":"Inventory Management","entityClass":"apps.inventory.screens.InventoryManagement","entityName":"InventoryManagement","requiresParameters":false},{"current":true,"displayName":"Items List","entityClass":"apps.inventory.screens.ItemsList","entityName":"ItemsList","requiresParameters":false}],"window":false}