<?xml version="1.0" encoding="UTF-8"?>
<simpleEntityWrapper window="false">
    <entity xmlns:xsi="http://www.w3.org/2001/XMLSchema-instance"
        xmlns:java="http://java.sun.com" xsi:type="java:apps.inventory.screens.ItemsList">
        <itemsListRows xsi:type="java:apps.inventory.screens.ItemsList$ItemsListRow">
            <alphaSearch>APPLE</alphaSearch>
            <itemDescription>Red apple - FRT</itemDescription>
            <itemNumber>1007</itemNumber>
            <action></action>
            <itemCategory>FRT</itemCategory>
        </itemsListRows>
        <itemsListRows xsi:type="java:apps.inventory.screens.ItemsList$ItemsListRow">
            <alphaSearch>BANANA</alphaSearch>
            <itemDescription>Banana - FRT</itemDescription>
            <itemNumber>1008</itemNumber>
            <action></action>
            <itemCategory>FRT</itemCategory>
        </itemsListRows>
        <itemsListRows xsi:type="java:apps.inventory.screens.ItemsList$ItemsListRow">
            <alphaSearch>CARROT</alphaSearch>
            <itemDescription>Carrot - VEG</itemDescription>
            <itemNumber>1005</itemNumber>
            <action></action>
            <itemCategory>VEG</itemCategory>
        </itemsListRows>
        <itemsListRows xsi:type="java:apps.inventory.screens.ItemsList$ItemsListRow">
            <alphaSearch>CHICKEN</alphaSearch>
            <itemDescription>Chicken breast - MEAT</itemDescription>
            <itemNumber>1006</itemNumber>
            <action></action>
            <itemCategory>MEAT</itemCategory>
        </itemsListRows>
        <itemsListRows xsi:type="java:apps.inventory.screens.ItemsList$ItemsListRow">
            <alphaSearch>CUCUMBER</alphaSearch>
            <itemDescription>Cucumber - VEG</itemDescription>
            <itemNumber>1004</itemNumber>
            <action></action>
            <itemCategory>VEG</itemCategory>
        </itemsListRows>
        <itemsListRows xsi:type="java:apps.inventory.screens.ItemsList$ItemsListRow">
            <alphaSearch>EANS</alphaSearch>
            <itemDescription>Red beans - VEG</itemDescription>
            <itemNumber>1018</itemNumber>
            <action></action>
            <itemCategory>VEG</itemCategory>
        </itemsListRows>
        <itemsListRows xsi:type="java:apps.inventory.screens.ItemsList$ItemsListRow">
            <alphaSearch>FIG</alphaSearch>
            <itemDescription>Fresh fig - FRT</itemDescription>
            <itemNumber>1020</itemNumber>
            <action></action>
            <itemCategory>FRT</itemCategory>
        </itemsListRows>
        <itemsListRows xsi:type="java:apps.inventory.screens.ItemsList$ItemsListRow">
            <alphaSearch>GRAPE</alphaSearch>
            <itemDescription>White grapes - FRT</itemDescription>
            <itemNumber>1011</itemNumber>
            <action></action>
            <itemCategory>FRT</itemCategory>
        </itemsListRows>
        <itemsListRows xsi:type="java:apps.inventory.screens.ItemsList$ItemsListRow">
            <alphaSearch>HAMBURGER</alphaSearch>
            <itemDescription>Hamburger - MEAT</itemDescription>
            <itemNumber>1000</itemNumber>
            <action></action>
            <itemCategory>MEAT</itemCategory>
        </itemsListRows>
        <itemsListRows xsi:type="java:apps.inventory.screens.ItemsList$ItemsListRow">
            <alphaSearch>MELON</alphaSearch>
            <itemDescription>Yellow melon - FRT</itemDescription>
            <itemNumber>1016</itemNumber>
            <action></action>
            <itemCategory>FRT</itemCategory>
        </itemsListRows>
        <itemsListRows xsi:type="java:apps.inventory.screens.ItemsList$ItemsListRow">
            <alphaSearch>MUSHROOM</alphaSearch>
            <itemDescription>Champignon mushrooms - VEG</itemDescription>
            <itemNumber>1013</itemNumber>
            <action></action>
            <itemCategory>VEG</itemCategory>
        </itemsListRows>
        <itemsListRows xsi:type="java:apps.inventory.screens.ItemsList$ItemsListRow">
            <alphaSearch>OLIVE</alphaSearch>
            <itemDescription>Black olive - VEG</itemDescription>
            <itemNumber>1015</itemNumber>
            <action></action>
            <itemCategory>VEG</itemCategory>
        </itemsListRows>
        <positionTo></positionTo>
        <itemsListRowsActions sleep="0" submitForm="false"
            global="false" rolesRequired="false" length="8" column="0"
            defaultAction="false" row="0" xsi:type="java:org.openlegacy.terminal.definitions.SimpleTerminalActionDefinition">
            <position column="4" row="5" xsi:type="java:org.openlegacy.terminal.support.SimpleTerminalPosition"/>
            <additionalKey>NONE</additionalKey>
            <action macro="false" xsi:type="java:org.openlegacy.terminal.modules.table.TerminalDrilldownActions$SimpleDrilldownAction">
                <action macro="false" xsi:type="java:org.openlegacy.terminal.actions.TerminalActions$ENTER">
                    <actionName>ENTER</actionName>
                </action>
                <actionValue xsi:type="java:java.lang.String">2</actionValue>
            </action>
            <alias>revise</alias>
            <actionName>ENTER</actionName>
            <when>2.*</when>
            <displayName>Revise</displayName>
        </itemsListRowsActions>
        <actions sleep="0" submitForm="false" global="true"
            rolesRequired="false" length="0" column="0"
            defaultAction="false" row="0" xsi:type="java:org.openlegacy.terminal.definitions.SimpleTerminalActionDefinition">
            <type>GENERAL</type>
            <additionalKey>SHIFT</additionalKey>
            <action macro="false" xsi:type="java:org.openlegacy.terminal.actions.CombinedTerminalAction">
                <additionalKey>SHIFT</additionalKey>
            </action>
            <alias>numberSeq</alias>
            <actionName>CombinedTerminalAction</actionName>
            <when>.*</when>
            <displayName>Number Seq</displayName>
        </actions>
        <actions sleep="0" submitForm="false" global="true"
            rolesRequired="true" length="0" column="0"
            defaultAction="false" row="0" xsi:type="java:org.openlegacy.terminal.definitions.SimpleTerminalActionDefinition">
            <type>GENERAL</type>
            <additionalKey>NONE</additionalKey>
            <action macro="false" xsi:type="java:org.openlegacy.terminal.actions.TerminalActions$SHOW">
                <actionName>SHOW</actionName>
            </action>
            <roles xsi:type="java:java.lang.String">AGENT</roles>
            <alias>Show</alias>
            <actionName>SHOW</actionName>
            <when>.*</when>
            <displayName>Show</displayName>
        </actions>
    </entity>
    <entityName>ItemsList</entityName>
    <paths xmlns:xsi="http://www.w3.org/2001/XMLSchema-instance"
        xmlns:java="http://java.sun.com" requiresParameters="false"
        current="false" xsi:type="java:org.openlegacy.SimpleEntityDescriptor">
        <displayName>Main Menu</displayName>
        <entityName>MainMenu</entityName>
    </paths>
    <paths xmlns:xsi="http://www.w3.org/2001/XMLSchema-instance"
        xmlns:java="http://java.sun.com" requiresParameters="false"
        current="false" xsi:type="java:org.openlegacy.SimpleEntityDescriptor">
        <displayName>Inventory Management</displayName>
        <entityName>InventoryManagement</entityName>
    </paths>
    <paths xmlns:xsi="http://www.w3.org/2001/XMLSchema-instance"
        xmlns:java="http://java.sun.com" requiresParameters="false"
        current="true" xsi:type="java:org.openlegacy.SimpleEntityDescriptor">
        <displayName>Items List</displayName>
        <entityName>ItemsList</entityName>
    </paths>
</simpleEntityWrapper>